<?xml version="1.0" encoding="UTF-8"?>
<TestRun id="86fc1c24-bac4-425e-b5bb-eebe52115f21" name="Kent.Aguilar@NGSR8BR83M 2012-07-03 14:46:19" runUser="NGS\Kent.Aguilar" xmlns="http://microsoft.com/schemas/VisualStudio/TeamTest/2010">
  <TestSettings name="Local" id="a294cad5-e10d-4bc8-adf4-701eb92826ad">
    <Description>These are default test settings for a local test run.</Description>
    <Deployment enabled="false" runDeploymentRoot="Kent.Aguilar_NGSR8BR83M 2012-07-03 14_46_19">
      <DeploymentItem filename="R:\IDikit\IDikit\IDikit.Core\bin\Debug\IDikit.Core.dll" />
      <DeploymentItem filename="R:\IDikit\IDikit\packages\EntityFramework.4.3.1\lib\net40\EntityFramework.dll" />
    </Deployment>
    <Execution>
      <TestTypeSpecific />
      <AgentRule name="Execution Agents">
      </AgentRule>
    </Execution>
  </TestSettings>
  <Times creation="2012-07-03T14:46:19.3290230+08:00" queuing="2012-07-03T14:46:19.3530230+08:00" start="2012-07-03T14:46:19.3570230+08:00" finish="2012-07-03T14:46:25.3810230+08:00" />
  <ResultSummary outcome="Failed">
    <Counters total="1" executed="1" error="0" failed="1" timeout="0" aborted="0" inconclusive="0" passedButRunAborted="0" notRunnable="0" notExecuted="0" disconnected="0" warning="0" passed="0" completed="0" inProgress="0" pending="0" />
  </ResultSummary>
  <TestDefinitions>
    <UnitTest name="CanGetMemberList" storage="r:\idikit\idikit\idikit.tests\bin\debug\idikit.tests.dll" id="2bfd2fd8-9821-7fd7-1224-20d413ae0121">
      <Execution id="5f1c65f1-ad1e-4efd-a7f7-d8e2dd06bd9e" />
      <TestMethod codeBase="R:/IDikit/IDikit/IDikit.Tests/bin/Debug/IDikit.Tests.DLL" adapterTypeName="Microsoft.VisualStudio.TestTools.TestTypes.Unit.UnitTestAdapter, Microsoft.VisualStudio.QualityTools.Tips.UnitTest.Adapter, Version=10.0.0.0, Culture=neutral, PublicKeyToken=b03f5f7f11d50a3a" className="IDikit.Tests.Model.MemberTest, IDikit.Tests, Version=1.0.0.0, Culture=neutral, PublicKeyToken=null" name="CanGetMemberList" />
    </UnitTest>
  </TestDefinitions>
  <TestLists>
    <TestList name="Results Not in a List" id="8c84fa94-04c1-424b-9868-57a2d4851a1d" />
    <TestList name="All Loaded Results" id="19431567-8539-422a-85d7-44ee4e166bda" />
  </TestLists>
  <TestEntries>
    <TestEntry testId="2bfd2fd8-9821-7fd7-1224-20d413ae0121" executionId="5f1c65f1-ad1e-4efd-a7f7-d8e2dd06bd9e" testListId="8c84fa94-04c1-424b-9868-57a2d4851a1d" />
  </TestEntries>
  <Results>
    <UnitTestResult executionId="5f1c65f1-ad1e-4efd-a7f7-d8e2dd06bd9e" testId="2bfd2fd8-9821-7fd7-1224-20d413ae0121" testName="CanGetMemberList" computerName="NGSR8BR83M" duration="00:00:04.3622077" startTime="2012-07-03T14:46:19.3590230+08:00" endTime="2012-07-03T14:46:23.8650230+08:00" testType="13cdc9d9-ddb5-4fa4-a97d-d965ccfc6d4b" outcome="Failed" testListId="8c84fa94-04c1-424b-9868-57a2d4851a1d" relativeResultsDirectory="5f1c65f1-ad1e-4efd-a7f7-d8e2dd06bd9e">
      <Output>
        <ErrorInfo>
          <Message>Assert.AreEqual failed. Expected:&lt;asdf&gt;. Actual:&lt;2&gt;. </Message>
          <StackTrace>   at IDikit.Tests.Model.MemberTest.CanGetMemberList() in R:\IDikit\IDikit\IDikit.Tests\Model\MemberTest.cs:line 17
</StackTrace>
        </ErrorInfo>
      </Output>
    </UnitTestResult>
  </Results>
</TestRun>